>>> twitter_xlmr · b2_base
<<< b2_base: val F1 = 0.8331  (2.13 min)
>>> twitter_xlmr · b2_vocab
<<< b2_vocab: val F1 = 0.7756  (2.13 min)
>>> twitter_xlmr · v3_peso1.0
<<< v3_peso1.0: val F1 = 0.8080  (3.56 min)
>>> twitter_xlmr · v3_peso0.5
<<< v3_peso0.5: val F1 = 0.8094  (3.58 min)
>>> twitter_xlmr · v3_peso0.25
<<< v3_peso0.25: val F1 = 0.8144  (3.72 min)
>>> twitter_xlmr · v3_dosfases
<<< v3_dosfases: val F1 = 0.8090  (4.38 min)
>>> twitter_xlmr · v3_peso0.5_dosfases
    error: Compile with `TORCH_USE_CUDA_DSA` to enable device-side assertions.
<<< v3_peso0.5_dosfases: FALLÓ
>>> twitter_xlmr · v3_vocab_peso0.5
<<< v3_vocab_peso0.5: val F1 = 0.8016  (3.5 min)
>>> twitter_xlmr · v3_vocab_dosfases
<<< v3_vocab_dosfases: val F1 = 0.7713  (4.27 min)

==========================================================================
ABLACIÓN · twitter_xlmr   (F1-macro sobre val, n=459)
==========================================================================
  variante                    F1  n_train  tokens  p_sint  fases
  b2_base                 0.8331     3293       0    None      0
  v3_peso0.25             0.8144     6202       0    0.25      0
  v3_peso0.5              0.8094     6202       0     0.5      0
  v3_dosfases             0.8090     6202       0    None      2
  v3_peso1.0              0.8080     6202       0    None      0
  v3_vocab_peso0.5        0.8016     6202     189     0.5      0
  b2_vocab                0.7756     3293     189    None      0
  v3_vocab_dosfases       0.7713     6202     189    None      2
[salto] b2_base
[salto] b2_vocab
[salto] v3_peso1.0
[salto] v3_peso0.5
[salto] v3_peso0.25
[salto] v3_dosfases
>>> twitter_xlmr · v3_peso0.5_dosfases
<<< v3_peso0.5_dosfases: val F1 = 0.8046  (4.27 min)
[salto] v3_vocab_peso0.5
[salto] v3_vocab_dosfases

==========================================================================
ABLACIÓN · twitter_xlmr   (F1-macro sobre val, n=459)
==========================================================================
  variante                    F1  n_train  tokens  p_sint  fases
  b2_base                 0.8331     3293       0    None      0
  v3_peso0.25             0.8144     6202       0    0.25      0
  v3_peso0.5              0.8094     6202       0     0.5      0
  v3_dosfases             0.8090     6202       0    None      2
  v3_peso1.0              0.8080     6202       0    None      0
  v3_peso0.5_dosfases     0.8046     6202       0     0.5      2
  v3_vocab_peso0.5        0.8016     6202     189     0.5      0
  b2_vocab                0.7756     3293     189    None      0
  v3_vocab_dosfases       0.7713     6202     189    None      2
=== ABLACION TWITTER TERMINADA ===
>>> robertuito · b2_base
<<< b2_base: val F1 = 0.8272  (1.19 min)
>>> robertuito · b2_vocab
<<< b2_vocab: val F1 = 0.8231  (1.2 min)
>>> robertuito · v3_peso1.0
<<< v3_peso1.0: val F1 = 0.8337  (1.99 min)
>>> robertuito · v3_peso0.5
<<< v3_peso0.5: val F1 = 0.8371  (2.0 min)
>>> robertuito · v3_peso0.25
<<< v3_peso0.25: val F1 = 0.8403  (1.98 min)
>>> robertuito · v3_dosfases
<<< v3_dosfases: val F1 = 0.8386  (2.42 min)
>>> robertuito · v3_peso0.5_dosfases
<<< v3_peso0.5_dosfases: val F1 = 0.8473  (2.44 min)
>>> robertuito · v3_vocab_peso0.5
<<< v3_vocab_peso0.5: val F1 = 0.8213  (2.01 min)
>>> robertuito · v3_vocab_dosfases
<<< v3_vocab_dosfases: val F1 = 0.8152  (2.44 min)

==========================================================================
ABLACIÓN · robertuito   (F1-macro sobre val, n=459)
==========================================================================
  variante                    F1  n_train  tokens  p_sint  fases
  v3_peso0.5_dosfases     0.8473     6202       0     0.5      2
  v3_peso0.25             0.8403     6202       0    0.25      0
  v3_dosfases             0.8386     6202       0    None      2
  v3_peso0.5              0.8371     6202       0     0.5      0
  v3_peso1.0              0.8337     6202       0    None      0
  b2_base                 0.8272     3293       0    None      0
  b2_vocab                0.8231     3293     189    None      0
  v3_vocab_peso0.5        0.8213     6202     189     0.5      0
  v3_vocab_dosfases       0.8152     6202     189    None      2
[salto] b2_base
[salto] b2_vocab
[salto] v3_peso1.0
[salto] v3_peso0.5
[salto] v3_peso0.25
[salto] v3_dosfases
[salto] v3_peso0.5_dosfases
[salto] v3_vocab_peso0.5
[salto] v3_vocab_dosfases

==========================================================================
ABLACIÓN · robertuito   (F1-macro sobre val, n=459)
==========================================================================
  variante                    F1  n_train  tokens  p_sint  fases
  v3_peso0.5_dosfases     0.8473     6202       0     0.5      2
  v3_peso0.25             0.8403     6202       0    0.25      0
  v3_dosfases             0.8386     6202       0    None      2
  v3_peso0.5              0.8371     6202       0     0.5      0
  v3_peso1.0              0.8337     6202       0    None      0
  b2_base                 0.8272     3293       0    None      0
  b2_vocab                0.8231     3293     189    None      0
  v3_vocab_peso0.5        0.8213     6202     189     0.5      0
  v3_vocab_dosfases       0.8152     6202     189    None      2
=== ABLACIONES TERMINADAS ===
